// Jest Snapshot v1, https://goo.gl/fbAQLP

exports[`App snapshot 1`] = `
<View
  onLayout={[Function]}
  style={
    Array [
      Object {
        "flex": 1,
      },
    ]
  }
>
  <View
    onMoveShouldSetResponder={[Function]}
    onMoveShouldSetResponderCapture={[Function]}
    onResponderEnd={[Function]}
    onResponderGrant={[Function]}
    onResponderMove={[Function]}
    onResponderReject={[Function]}
    onResponderRelease={[Function]}
    onResponderStart={[Function]}
    onResponderTerminate={[Function]}
    onResponderTerminationRequest={[Function]}
    onStartShouldSetResponder={[Function]}
    onStartShouldSetResponderCapture={[Function]}
    style={
      Array [
        Object {
          "flex": 1,
          "flexDirection": "column-reverse",
        },
        Object {
          "backgroundColor": "#000",
        },
      ]
    }
  >
    <View
      style={
        Object {
          "flex": 1,
        }
      }
    >
      <View
        pointerEvents="auto"
        style={
          Object {
            "backgroundColor": "#E9E9EF",
            "bottom": 0,
            "left": 0,
            "marginTop": -64,
            "opacity": 1,
            "position": "absolute",
            "right": 0,
            "shadowColor": "black",
            "shadowOffset": Object {
              "height": 0,
              "width": 0,
            },
            "shadowOpacity": 0.2,
            "shadowRadius": 5,
            "top": 0,
            "transform": Array [
              Object {
                "translateX": 0,
              },
              Object {
                "translateY": 0,
              },
            ],
          }
        }
      >
        <View
          enabled={true}
          keyboardVerticalOffset={0}
          onLayout={[Function]}
          style={
            Array [
              Object {
                "backgroundColor": "#3498db",
                "flex": 1,
              },
              Object {
                "paddingBottom": 0,
              },
            ]
          }
        >
          <View
            style={
              Object {
                "alignItems": "center",
                "alignSelf": "stretch",
                "flex": 15,
                "flexDirection": "column",
                "justifyContent": "center",
              }
            }
          >
            <Text
              accessible={true}
              allowFontScaling={true}
              ellipsizeMode="tail"
              style={
                Object {
                  "color": "#FFF",
                  "marginTop": 10,
                  "opacity": 0.9,
                  "textAlign": "center",
                  "width": 160,
                }
              }
            >
              An App made to simplify your daily health Track
            </Text>
          </View>
          <View
            style={
              Object {
                "alignSelf": "stretch",
                "flex": 15,
                "flexDirection": "column",
              }
            }
          >
            <View
              style={
                Object {
                  "padding": 20,
                }
              }
            >
              <TextInput
                allowFontScaling={true}
                autoCorrect={false}
                keyboardType="email-address"
                onChangeText={[Function]}
                placeholder="Enter your username"
                placeholderTextColor="rgba(255, 255, 255, 0.7)"
                returnKeyType="next"
                style={
                  Object {
                    "backgroundColor": "rgba(255, 255, 255, 0.2)",
                    "color": "#FFF",
                    "height": 40,
                    "marginBottom": 10,
                    "paddingHorizontal": 10,
                  }
                }
                underlineColorAndroid="transparent"
              />
              <TextInput
                allowFontScaling={true}
                placeholder="password"
                placeholderTextColor="rgba(255, 255, 255, 0.7)"
                returnKeyType="go"
                secureTextEntry={true}
                style={
                  Object {
                    "backgroundColor": "rgba(255, 255, 255, 0.2)",
                    "color": "#FFF",
                    "height": 40,
                    "marginBottom": 10,
                    "paddingHorizontal": 10,
                  }
                }
                underlineColorAndroid="transparent"
              />
              <View
                accessible={true}
                isTVSelectable={true}
                onResponderGrant={[Function]}
                onResponderMove={[Function]}
                onResponderRelease={[Function]}
                onResponderTerminate={[Function]}
                onResponderTerminationRequest={[Function]}
                onStartShouldSetResponder={[Function]}
                style={
                  Object {
                    "backgroundColor": "#2980b9",
                    "marginBottom": 10,
                    "marginTop": 10,
                    "opacity": 1,
                    "paddingVertical": 15,
                  }
                }
              >
                <Text
                  accessible={true}
                  allowFontScaling={true}
                  ellipsizeMode="tail"
                  style={
                    Object {
                      "color": "#FFF",
                      "fontWeight": "700",
                      "textAlign": "center",
                    }
                  }
                >
                  Login
                </Text>
              </View>
              <View
                style={
                  Object {
                    "flexDirection": "row",
                  }
                }
              >
                <View
                  style={
                    Object {
                      "alignSelf": "center",
                      "backgroundColor": "black",
                      "flex": 1,
                      "height": 2,
                    }
                  }
                />
                <Text
                  accessible={true}
                  allowFontScaling={true}
                  ellipsizeMode="tail"
                  style={
                    Object {
                      "alignSelf": "center",
                      "borderColor": "black",
                      "borderRadius": 100,
                      "borderWidth": 1,
                      "fontSize": 18,
                      "paddingHorizontal": 5,
                    }
                  }
                >
                  OR
                </Text>
                <View
                  style={
                    Object {
                      "alignSelf": "center",
                      "backgroundColor": "black",
                      "flex": 1,
                      "height": 2,
                    }
                  }
                />
              </View>
              <RCTFBLoginButton
                onChange={[Function]}
                onLoginFinished={[Function]}
                onLogoutFinished={[Function]}
                readPermissions={
                  Array [
                    "email",
                  ]
                }
                style={
                  Object {
                    "backgroundColor": "#2980b9",
                    "marginBottom": 10,
                    "marginTop": 10,
                    "paddingVertical": 15,
                  }
                }
              />
            </View>
          </View>
        </View>
      </View>
    </View>
    <View
      style={
        Object {
          "transform": Array [
            Object {
              "translateX": 0,
            },
          ],
        }
      }
    >
      <View
        onLayout={[Function]}
        pointerEvents="box-none"
        style={
          Object {
            "backgroundColor": "#F7F7F7",
            "borderBottomColor": "#A7A7AA",
            "borderBottomWidth": 0.5,
            "height": 64,
            "paddingBottom": 0,
            "paddingLeft": 0,
            "paddingRight": 0,
            "paddingTop": 20,
          }
        }
      >
        <View
          style={
            Object {
              "bottom": 0,
              "left": 0,
              "position": "absolute",
              "right": 0,
              "top": 0,
            }
          }
        />
        <View
          style={
            Object {
              "flex": 1,
            }
          }
        />
      </View>
    </View>
  </View>
</View>
`;
