// Jest Snapshot v1, https://goo.gl/fbAQLP

exports[`Header snapshot 1`] = `
<View
  style={
    Object {
      "alignSelf": "stretch",
      "backgroundColor": "rgba(0,170,170,0.1)",
      "flex": 1,
      "flexDirection": "column",
      "paddingBottom": 20,
      "paddingTop": 20,
    }
  }
>
  <Text
    accessible={true}
    allowFontScaling={true}
    ellipsizeMode="tail"
    style={
      Object {
        "fontSize": 25,
        "fontWeight": "bold",
        "textAlign": "center",
      }
    }
  >
    Daily health
  </Text>
</View>
`;
